<?xml version='1.0' encoding='UTF-8'?>
<report name="Test Report">
    <counter type="INSTRUCTION" missed="0" covered="0"/>
    <counter type="LINE" missed="0" covered="0"/>
    <counter type="METHOD" missed="0" covered="0"/>
</report>
